stm32l0xx_hal_msp.c:66:6:HAL_MspInit	8	static
stm32l0xx_hal_msp.c:88:6:HAL_COMP_MspInit	40	static
stm32l0xx_hal_msp.c:122:6:HAL_COMP_MspDeInit	16	static
stm32l0xx_hal_msp.c:150:6:HAL_RTC_MspInit	16	static
stm32l0xx_hal_msp.c:172:6:HAL_RTC_MspDeInit	16	static
stm32l0xx_hal_msp.c:194:6:HAL_TIM_PWM_MspInit	16	static
stm32l0xx_hal_msp.c:210:6:HAL_TIM_MspPostInit	40	static
stm32l0xx_hal_msp.c:244:6:HAL_TIM_PWM_MspDeInit	16	static
stm32l0xx_hal_msp.c:266:6:HAL_UART_MspInit	40	static
stm32l0xx_hal_msp.c:302:6:HAL_UART_MspDeInit	16	static
