brush.h:19:6:set_uv_led	16	static
brush.h:35:6:set_uv_boost	16	static
brush.h:51:6:set_neopixel_led	16	static
brush.h:67:6:set_neopixel_boost	16	static
brush.h:83:6:set_charging_led	16	static
neopixel.h:24:6:neopixel_init	8	static
neopixel.h:30:6:neopixel_begin	16	static
neopixel.h:36:6:neopixel_SetColor	64	static
main.c:121:5:main	24	static
main.c:349:6:SystemClock_Config	88	static
main.c:391:13:MX_ADC_Init	16	static
main.c:445:13:MX_IWDG_Init	8	static
main.c:474:13:MX_TIM2_Init	48	static
main.c:539:13:MX_DMA_Init	16	static
main.c:562:13:MX_GPIO_Init	48	static
main.c:603:6:HAL_GPIO_EXTI_Callback	16	static
main.c:620:6:Error_Handler	8	static
