brush.h:19:6:set_uv_led	16	static
brush.h:35:6:set_uv_boost	16	static
brush.h:51:6:set_neopixel_led	16	static
brush.h:67:6:set_neopixel_boost	16	static
brush.h:83:6:set_charging_led	16	static
neopixel.h:24:6:neopixel_init	24	static
neopixel.h:31:6:neopixel_pause	8	static
neopixel.h:35:6:neopixel_begin	8	static
neopixel.h:39:6:neopixel_SetColor	40	static
main.c:127:5:main	32	static
main.c:400:6:SystemClock_Config	88	static
main.c:442:13:MX_ADC_Init	16	static
main.c:496:13:MX_IWDG_Init	8	static
main.c:525:13:MX_TIM2_Init	48	static
main.c:582:13:MX_DMA_Init	16	static
main.c:599:13:MX_GPIO_Init	48	static
main.c:640:6:HAL_GPIO_EXTI_Callback	16	static
main.c:657:6:Error_Handler	8	static
